// Jest Snapshot v1, https://goo.gl/fbAQLP

exports[`DrawerCart component should render correctly 1`] = `
<div
  aria-hidden="true"
>
  <div>
    <div
      class="relative"
    >
      <button
        class="z-0 group relative inline-flex items-center justify-center box-border appearance-none select-none whitespace-nowrap font-normal subpixel-antialiased overflow-hidden tap-highlight-transparent outline-none data-[focus-visible=true]:z-10 data-[focus-visible=true]:outline-2 data-[focus-visible=true]:outline-focus data-[focus-visible=true]:outline-offset-2 h-10 gap-2 rounded-medium [&>svg]:max-w-[theme(spacing.8)] transition-transform-colors-opacity motion-reduce:transition-none bg-transparent data-[hover=true]:!border-none text-secondary-400 border border-secondary-100 disabled:opacity-50 text-base rounded-base data-[pressed=true]:scale-[1] font-poppins w-5 min-w-5 px-0 py-0 border-none data-[hover=true]:!bg-transparent data-[hover=true]:!text-primary-foreground"
        title="Cart"
        type="button"
      >
        <svg
          class="lucide lucide-shopping-bag text-primary-200"
          fill="none"
          height="18"
          stroke="currentColor"
          stroke-linecap="round"
          stroke-linejoin="round"
          stroke-width="2"
          viewBox="0 0 24 24"
          width="18"
          xmlns="http://www.w3.org/2000/svg"
        >
          <path
            d="M6 2 3 6v14a2 2 0 0 0 2 2h14a2 2 0 0 0 2-2V6l-3-4Z"
          />
          <path
            d="M3 6h18"
          />
          <path
            d="M16 10a4 4 0 0 1-8 0"
          />
        </svg>
      </button>
      <span
        class="absolute top-0 left-3 flex items-center justify-center w-4 h-4 text-xs font-semibold text-white bg-danger-300 rounded-full"
      >
        2
      </span>
    </div>
  </div>
</div>
`;
