// Jest Snapshot v1, https://goo.gl/fbAQLP

exports[`CardProduct should render correctly 1`] = `
<div>
  <a
    class="flex flex-col relative overflow-hidden h-auto text-foreground box-border bg-content1 outline-none data-[focus-visible=true]:z-10 data-[focus-visible=true]:outline-2 data-[focus-visible=true]:outline-focus data-[focus-visible=true]:outline-offset-2 shadow-none transition-transform-background motion-reduce:transition-none w-[302px] rounded-none hover:shadow-2xl hover:cursor-pointer"
    href="/products/1"
    tabindex="-1"
  >
    <div
      class="relative p-3 flex-auto flex-col place-content-inherit align-items-inherit break-words text-left overflow-y-auto subpixel-antialiased flex items-center w-full h-80"
    >
      <img
        alt="Sofa"
        data-nimg="fill"
        decoding="async"
        sizes="50vw"
        src="/_next/image?url=https%3A%2F%2Fm.media-amazon.com%2Fimages%2FI%2F51JpA4Olu4L._AC_UL1157_.jpg&w=3840&q=75"
        srcset="/_next/image?url=https%3A%2F%2Fm.media-amazon.com%2Fimages%2FI%2F51JpA4Olu4L._AC_UL1157_.jpg&w=384&q=75 384w, /_next/image?url=https%3A%2F%2Fm.media-amazon.com%2Fimages%2FI%2F51JpA4Olu4L._AC_UL1157_.jpg&w=640&q=75 640w, /_next/image?url=https%3A%2F%2Fm.media-amazon.com%2Fimages%2FI%2F51JpA4Olu4L._AC_UL1157_.jpg&w=750&q=75 750w, /_next/image?url=https%3A%2F%2Fm.media-amazon.com%2Fimages%2FI%2F51JpA4Olu4L._AC_UL1157_.jpg&w=828&q=75 828w, /_next/image?url=https%3A%2F%2Fm.media-amazon.com%2Fimages%2FI%2F51JpA4Olu4L._AC_UL1157_.jpg&w=1080&q=75 1080w, /_next/image?url=https%3A%2F%2Fm.media-amazon.com%2Fimages%2FI%2F51JpA4Olu4L._AC_UL1157_.jpg&w=1200&q=75 1200w, /_next/image?url=https%3A%2F%2Fm.media-amazon.com%2Fimages%2FI%2F51JpA4Olu4L._AC_UL1157_.jpg&w=1920&q=75 1920w, /_next/image?url=https%3A%2F%2Fm.media-amazon.com%2Fimages%2FI%2F51JpA4Olu4L._AC_UL1157_.jpg&w=2048&q=75 2048w, /_next/image?url=https%3A%2F%2Fm.media-amazon.com%2Fimages%2FI%2F51JpA4Olu4L._AC_UL1157_.jpg&w=3840&q=75 3840w"
        style="position: absolute; height: 100%; width: 100%; left: 0px; top: 0px; right: 0px; bottom: 0px; object-fit: fill; color: transparent;"
      />
    </div>
    <div
      class="h-auto flex overflow-hidden color-inherit subpixel-antialiased rounded-b-large w-full p-5 flex-col items-start text-small justify-between"
    >
      <div
        class="w-full flex flex-col justify-between gap-2"
      >
        <b
          class="text-black font-volkhov text-base font-normal truncate"
        >
          Sofa
        </b>
        <div
          class="flex gap-2"
        >
          <b
            class="text-black font-jost text-base font-normal"
          >
            $
            5k
          </b>
          <b
            class="text-gray-500 font-jost text-base font-normal line-through"
          >
            $
            9.6k
          </b>
        </div>
      </div>
      <div
        class="flex gap-2 mt-3"
      >
        <div
          class="relative max-w-fit inline-flex items-center justify-between box-border whitespace-nowrap text-small rounded-full bg-default text-default-foreground p-0 w-6 h-6 min-w-6 border-2"
          style="background-color: rgb(0, 0, 0);"
        >
          <span
            class="flex-1 text-inherit font-normal px-2"
          />
        </div>
      </div>
    </div>
  </a>
</div>
`;
